08-26 23:28:51.621  4053  4084 I TestRunner: started: vertical_scroll_content_at_last_position(com.example.dogglers.VerticalListTests)
08-26 23:28:51.623  4053  4084 W Settings: Setting always_finish_activities has moved from android.provider.Settings.System to android.provider.Settings.Global, returning read-only value.
08-26 23:28:51.628   381  2778 W InputReader: Device has associated, but no associated display id.
08-26 23:28:51.629   381  2778 I chatty  : uid=1000(system) Binder:381_E identical 38 lines
08-26 23:28:51.629   381  2778 W InputReader: Device has associated, but no associated display id.
08-26 23:28:51.629  4053  4053 W ActivityThread: handleWindowVisibility: no activity for token android.os.BinderProxy@5c7a6da
08-26 23:28:51.632  4053  4053 D LifecycleMonitor: Lifecycle status change: androidx.test.core.app.InstrumentationActivityInvoker$BootstrapActivity@174a70b in: PRE_ON_CREATE
08-26 23:28:51.632  4053  4053 V ActivityScenario: Activity lifecycle changed event received but ignored because the intent does not match. startActivityIntent=Intent { act=android.intent.action.MAIN cat=[android.intent.category.LAUNCHER] cmp=com.example.dogglers/.VerticalListActivity }, activity.getIntent()=Intent { act=android.intent.action.MAIN cat=[android.intent.category.LAUNCHER] flg=0x10008000 cmp=com.example.dogglers/androidx.test.core.app.InstrumentationActivityInvoker$BootstrapActivity (has extras) }, activity=androidx.test.core.app.InstrumentationActivityInvoker$BootstrapActivity@174a70b
08-26 23:28:51.635  4053  4053 D LifecycleMonitor: Lifecycle status change: androidx.test.core.app.InstrumentationActivityInvoker$BootstrapActivity@174a70b in: CREATED
08-26 23:28:51.635  4053  4053 V ActivityScenario: Activity lifecycle changed event received but ignored because the intent does not match. startActivityIntent=Intent { act=android.intent.action.MAIN cat=[android.intent.category.LAUNCHER] cmp=com.example.dogglers/.VerticalListActivity }, activity.getIntent()=Intent { act=android.intent.action.MAIN cat=[android.intent.category.LAUNCHER] flg=0x10008000 cmp=com.example.dogglers/androidx.test.core.app.InstrumentationActivityInvoker$BootstrapActivity (has extras) }, activity=androidx.test.core.app.InstrumentationActivityInvoker$BootstrapActivity@174a70b
08-26 23:28:51.638  4053  4053 D LifecycleMonitor: Lifecycle status change: androidx.test.core.app.InstrumentationActivityInvoker$BootstrapActivity@174a70b in: STARTED
08-26 23:28:51.638  4053  4053 V ActivityScenario: Activity lifecycle changed event received but ignored because the intent does not match. startActivityIntent=Intent { act=android.intent.action.MAIN cat=[android.intent.category.LAUNCHER] cmp=com.example.dogglers/.VerticalListActivity }, activity.getIntent()=Intent { act=android.intent.action.MAIN cat=[android.intent.category.LAUNCHER] flg=0x10008000 cmp=com.example.dogglers/androidx.test.core.app.InstrumentationActivityInvoker$BootstrapActivity (has extras) }, activity=androidx.test.core.app.InstrumentationActivityInvoker$BootstrapActivity@174a70b
08-26 23:28:51.638   190   222 D gralloc_ranchu: gralloc_alloc: Creating ashmem region of size 8298496
08-26 23:28:51.649  4053  4053 D LifecycleMonitor: Lifecycle status change: androidx.test.core.app.InstrumentationActivityInvoker$BootstrapActivity@174a70b in: RESUMED
08-26 23:28:51.649  4053  4053 V ActivityScenario: Activity lifecycle changed event received but ignored because the intent does not match. startActivityIntent=Intent { act=android.intent.action.MAIN cat=[android.intent.category.LAUNCHER] cmp=com.example.dogglers/.VerticalListActivity }, activity.getIntent()=Intent { act=android.intent.action.MAIN cat=[android.intent.category.LAUNCHER] flg=0x10008000 cmp=com.example.dogglers/androidx.test.core.app.InstrumentationActivityInvoker$BootstrapActivity (has extras) }, activity=androidx.test.core.app.InstrumentationActivityInvoker$BootstrapActivity@174a70b
08-26 23:28:51.650  4053  4053 D LifecycleMonitor: Lifecycle status change: androidx.test.core.app.InstrumentationActivityInvoker$BootstrapActivity@174a70b in: PAUSED
08-26 23:28:51.650  4053  4053 V ActivityScenario: Activity lifecycle changed event received but ignored because the intent does not match. startActivityIntent=Intent { act=android.intent.action.MAIN cat=[android.intent.category.LAUNCHER] cmp=com.example.dogglers/.VerticalListActivity }, activity.getIntent()=Intent { act=android.intent.action.MAIN cat=[android.intent.category.LAUNCHER] flg=0x10008000 cmp=com.example.dogglers/androidx.test.core.app.InstrumentationActivityInvoker$BootstrapActivity (has extras) }, activity=androidx.test.core.app.InstrumentationActivityInvoker$BootstrapActivity@174a70b
08-26 23:28:51.650   381  2778 W InputReader: Device has associated, but no associated display id.
08-26 23:28:51.652   381  2778 I chatty  : uid=1000(system) Binder:381_E identical 58 lines
08-26 23:28:51.652   381  2778 W InputReader: Device has associated, but no associated display id.
08-26 23:28:51.653  4053  4053 W ActivityThread: handleWindowVisibility: no activity for token android.os.BinderProxy@4273801
08-26 23:28:51.656  4053  4053 D LifecycleMonitor: Lifecycle status change: com.example.dogglers.VerticalListActivity@fce533d in: PRE_ON_CREATE
08-26 23:28:51.657  4053  4053 V ActivityScenario: Activity lifecycle changed event received but ignored because the reported transition was not ON_CREATE while the last known transition was PRE_ON_CREATE
08-26 23:28:51.661  4053  4053 D LifecycleMonitor: Lifecycle status change: com.example.dogglers.VerticalListActivity@fce533d in: CREATED
08-26 23:28:51.662  4053  4053 V ActivityScenario: Update currentActivityStage to CREATED, currentActivity=com.example.dogglers.VerticalListActivity@fce533d
08-26 23:28:51.662  4053  4053 D LifecycleMonitor: Lifecycle status change: com.example.dogglers.VerticalListActivity@fce533d in: STARTED
08-26 23:28:51.662  4053  4053 V ActivityScenario: Update currentActivityStage to STARTED, currentActivity=com.example.dogglers.VerticalListActivity@fce533d
08-26 23:28:51.662  4053  4053 D LifecycleMonitor: Lifecycle status change: com.example.dogglers.VerticalListActivity@fce533d in: RESUMED
08-26 23:28:51.663  4053  4053 V ActivityScenario: Update currentActivityStage to RESUMED, currentActivity=com.example.dogglers.VerticalListActivity@fce533d
08-26 23:28:51.663  4053  4084 W xample.doggler: Accessing hidden method Lsun/misc/Unsafe;->compareAndSwapObject(Ljava/lang/Object;JLjava/lang/Object;Ljava/lang/Object;)Z (greylist, linking, allowed)
08-26 23:28:51.665  4053  4053 D LifecycleMonitor: Lifecycle status change: androidx.test.core.app.InstrumentationActivityInvoker$BootstrapActivity@174a70b in: STOPPED
08-26 23:28:51.665  4053  4053 V ActivityScenario: Activity lifecycle changed event received but ignored because the intent does not match. startActivityIntent=Intent { act=android.intent.action.MAIN cat=[android.intent.category.LAUNCHER] cmp=com.example.dogglers/.VerticalListActivity }, activity.getIntent()=Intent { act=android.intent.action.MAIN cat=[android.intent.category.LAUNCHER] flg=0x10008000 cmp=com.example.dogglers/androidx.test.core.app.InstrumentationActivityInvoker$BootstrapActivity (has extras) }, activity=androidx.test.core.app.InstrumentationActivityInvoker$BootstrapActivity@174a70b
08-26 23:28:51.668   719  1056 D EGL_emulation: eglMakeCurrent: 0x7036b23560: ver 3 0 (tinfo 0x70cc2f0540)
08-26 23:28:51.673   190   222 D gralloc_ranchu: gralloc_alloc: Creating ashmem region of size 8298496
08-26 23:28:51.674   190   222 I chatty  : uid=1000(system) HwBinder:190_1 identical 1 line
08-26 23:28:51.674   190   222 D gralloc_ranchu: gralloc_alloc: Creating ashmem region of size 8298496
08-26 23:28:51.686  4053  4086 D EGL_emulation: eglMakeCurrent: 0x7036b23f60: ver 3 0 (tinfo 0x70cc2da8a0)
08-26 23:28:51.691   381   421 I ActivityTaskManager: Displayed com.example.dogglers/.VerticalListActivity: +66ms
08-26 23:28:51.702  4053  4053 I ViewInteraction: Performing 'scroll RecyclerView to position: 5' action on view view.getId() is <2131231206/com.example.dogglers:id/vertical_recycler_view>
08-26 23:28:51.744  4053  4084 W xample.doggler: Accessing hidden method Lsun/misc/Unsafe;->compareAndSwapObject(Ljava/lang/Object;JLjava/lang/Object;Ljava/lang/Object;)Z (greylist, linking, allowed)
08-26 23:28:51.744  4053  4092 W xample.doggler: Accessing hidden method Lsun/misc/Unsafe;->compareAndSwapObject(Ljava/lang/Object;JLjava/lang/Object;Ljava/lang/Object;)Z (greylist, linking, allowed)
08-26 23:28:51.744  4053  4053 I ViewInteraction: Checking 'MatchesViewAssertion{viewMatcher=(view has effective visibility <VISIBLE> and view.getGlobalVisibleRect() to return non-empty rectangle)}' assertion on view an instance of android.widget.TextView and view.getText() with or without transformation to match: is "Bella"
08-26 23:28:51.748  4053  4053 D LifecycleMonitor: Lifecycle status change: com.example.dogglers.VerticalListActivity@fce533d in: PAUSED
08-26 23:28:51.748  4053  4053 V ActivityScenario: Update currentActivityStage to PAUSED, currentActivity=com.example.dogglers.VerticalListActivity@fce533d
08-26 23:28:51.748   381 18548 W InputReader: Device has associated, but no associated display id.
08-26 23:28:51.748   381 18548 I chatty  : uid=1000(system) Binder:381_1D identical 48 lines
08-26 23:28:51.748   381 18548 W InputReader: Device has associated, but no associated display id.
08-26 23:28:51.749  4053  4053 W ActivityThread: handleWindowVisibility: no activity for token android.os.BinderProxy@a4354b2
08-26 23:28:51.752  4053  4053 D LifecycleMonitor: Lifecycle status change: androidx.test.core.app.InstrumentationActivityInvoker$EmptyActivity@6257c03 in: PRE_ON_CREATE
08-26 23:28:51.752  4053  4053 V ActivityScenario: Activity lifecycle changed event received but ignored because the intent does not match. startActivityIntent=Intent { act=android.intent.action.MAIN cat=[android.intent.category.LAUNCHER] cmp=com.example.dogglers/.VerticalListActivity }, activity.getIntent()=Intent { act=android.intent.action.MAIN cat=[android.intent.category.LAUNCHER] flg=0x10000000 cmp=com.example.dogglers/androidx.test.core.app.InstrumentationActivityInvoker$EmptyActivity }, activity=androidx.test.core.app.InstrumentationActivityInvoker$EmptyActivity@6257c03
08-26 23:28:51.754  4053  4053 D LifecycleMonitor: Lifecycle status change: androidx.test.core.app.InstrumentationActivityInvoker$EmptyActivity@6257c03 in: CREATED
08-26 23:28:51.754  4053  4053 V ActivityScenario: Activity lifecycle changed event received but ignored because the intent does not match. startActivityIntent=Intent { act=android.intent.action.MAIN cat=[android.intent.category.LAUNCHER] cmp=com.example.dogglers/.VerticalListActivity }, activity.getIntent()=Intent { act=android.intent.action.MAIN cat=[android.intent.category.LAUNCHER] flg=0x10000000 cmp=com.example.dogglers/androidx.test.core.app.InstrumentationActivityInvoker$EmptyActivity }, activity=androidx.test.core.app.InstrumentationActivityInvoker$EmptyActivity@6257c03
08-26 23:28:51.755  4053  4053 D LifecycleMonitor: Lifecycle status change: androidx.test.core.app.InstrumentationActivityInvoker$EmptyActivity@6257c03 in: STARTED
08-26 23:28:51.755  4053  4053 V ActivityScenario: Activity lifecycle changed event received but ignored because the intent does not match. startActivityIntent=Intent { act=android.intent.action.MAIN cat=[android.intent.category.LAUNCHER] cmp=com.example.dogglers/.VerticalListActivity }, activity.getIntent()=Intent { act=android.intent.action.MAIN cat=[android.intent.category.LAUNCHER] flg=0x10000000 cmp=com.example.dogglers/androidx.test.core.app.InstrumentationActivityInvoker$EmptyActivity }, activity=androidx.test.core.app.InstrumentationActivityInvoker$EmptyActivity@6257c03
08-26 23:28:51.755  4053  4053 D LifecycleMonitor: Lifecycle status change: androidx.test.core.app.InstrumentationActivityInvoker$EmptyActivity@6257c03 in: RESUMED
08-26 23:28:51.756  4053  4053 V ActivityScenario: Activity lifecycle changed event received but ignored because the intent does not match. startActivityIntent=Intent { act=android.intent.action.MAIN cat=[android.intent.category.LAUNCHER] cmp=com.example.dogglers/.VerticalListActivity }, activity.getIntent()=Intent { act=android.intent.action.MAIN cat=[android.intent.category.LAUNCHER] flg=0x10000000 cmp=com.example.dogglers/androidx.test.core.app.InstrumentationActivityInvoker$EmptyActivity }, activity=androidx.test.core.app.InstrumentationActivityInvoker$EmptyActivity@6257c03
08-26 23:28:51.760   190   222 D gralloc_ranchu: gralloc_alloc: Creating ashmem region of size 8298496
08-26 23:28:51.761   190   222 I chatty  : uid=1000(system) HwBinder:190_1 identical 1 line
08-26 23:28:51.761   190   222 D gralloc_ranchu: gralloc_alloc: Creating ashmem region of size 8298496
08-26 23:28:51.762  4053  4086 D EGL_emulation: eglMakeCurrent: 0x7036b23f60: ver 3 0 (tinfo 0x70cc2da8a0)
08-26 23:28:51.766  4053  4086 D EGL_emulation: eglMakeCurrent: 0x7036b23f60: ver 3 0 (tinfo 0x70cc2da8a0)
08-26 23:28:51.767   381   417 W InputReader: Device has associated, but no associated display id.
08-26 23:28:51.767   381   417 I chatty  : uid=1000(system) android.anim identical 18 lines
08-26 23:28:51.767   381   417 W InputReader: Device has associated, but no associated display id.
08-26 23:28:51.772  4053  4086 D EGL_emulation: eglMakeCurrent: 0x7036b23f60: ver 3 0 (tinfo 0x70cc2da8a0)
08-26 23:28:51.775  4053  4053 D LifecycleMonitor: Lifecycle status change: androidx.test.core.app.InstrumentationActivityInvoker$EmptyActivity@6257c03 in: PAUSED
08-26 23:28:51.775  4053  4053 V ActivityScenario: Activity lifecycle changed event received but ignored because the intent does not match. startActivityIntent=Intent { act=android.intent.action.MAIN cat=[android.intent.category.LAUNCHER] cmp=com.example.dogglers/.VerticalListActivity }, activity.getIntent()=Intent { act=android.intent.action.MAIN cat=[android.intent.category.LAUNCHER] flg=0x10000000 cmp=com.example.dogglers/androidx.test.core.app.InstrumentationActivityInvoker$EmptyActivity }, activity=androidx.test.core.app.InstrumentationActivityInvoker$EmptyActivity@6257c03
08-26 23:28:51.775   381 18548 W InputReader: Device has associated, but no associated display id.
08-26 23:28:51.776   381 18548 I chatty  : uid=1000(system) Binder:381_1D identical 48 lines
08-26 23:28:51.776   381 18548 W InputReader: Device has associated, but no associated display id.
08-26 23:28:51.786  4053  4086 D EGL_emulation: eglMakeCurrent: 0x7036b23f60: ver 3 0 (tinfo 0x70cc2da8a0)
08-26 23:28:51.787  4053  4053 D LifecycleMonitor: Lifecycle status change: androidx.test.core.app.InstrumentationActivityInvoker$BootstrapActivity@174a70b in: DESTROYED
08-26 23:28:51.787  4053  4053 V ActivityScenario: Activity lifecycle changed event received but ignored because the intent does not match. startActivityIntent=Intent { act=android.intent.action.MAIN cat=[android.intent.category.LAUNCHER] cmp=com.example.dogglers/.VerticalListActivity }, activity.getIntent()=Intent { act=android.intent.action.MAIN cat=[android.intent.category.LAUNCHER] flg=0x10008000 cmp=com.example.dogglers/androidx.test.core.app.InstrumentationActivityInvoker$BootstrapActivity (has extras) }, activity=androidx.test.core.app.InstrumentationActivityInvoker$BootstrapActivity@174a70b
08-26 23:28:51.787  4053  4053 W ActivityThread: handleWindowVisibility: no activity for token android.os.BinderProxy@e5cfbac
08-26 23:28:51.790  4053  4053 D LifecycleMonitor: Lifecycle status change: androidx.test.core.app.InstrumentationActivityInvoker$EmptyActivity@54dc075 in: PRE_ON_CREATE
08-26 23:28:51.790  4053  4053 V ActivityScenario: Activity lifecycle changed event received but ignored because the intent does not match. startActivityIntent=Intent { act=android.intent.action.MAIN cat=[android.intent.category.LAUNCHER] cmp=com.example.dogglers/.VerticalListActivity }, activity.getIntent()=Intent { act=android.intent.action.MAIN cat=[android.intent.category.LAUNCHER] flg=0x10000000 cmp=com.example.dogglers/androidx.test.core.app.InstrumentationActivityInvoker$EmptyActivity }, activity=androidx.test.core.app.InstrumentationActivityInvoker$EmptyActivity@54dc075
08-26 23:28:51.792  4053  4053 D LifecycleMonitor: Lifecycle status change: androidx.test.core.app.InstrumentationActivityInvoker$EmptyActivity@54dc075 in: CREATED
08-26 23:28:51.792  4053  4053 V ActivityScenario: Activity lifecycle changed event received but ignored because the intent does not match. startActivityIntent=Intent { act=android.intent.action.MAIN cat=[android.intent.category.LAUNCHER] cmp=com.example.dogglers/.VerticalListActivity }, activity.getIntent()=Intent { act=android.intent.action.MAIN cat=[android.intent.category.LAUNCHER] flg=0x10000000 cmp=com.example.dogglers/androidx.test.core.app.InstrumentationActivityInvoker$EmptyActivity }, activity=androidx.test.core.app.InstrumentationActivityInvoker$EmptyActivity@54dc075
08-26 23:28:51.793  4053  4053 D LifecycleMonitor: Lifecycle status change: androidx.test.core.app.InstrumentationActivityInvoker$EmptyActivity@54dc075 in: STARTED
08-26 23:28:51.793  4053  4053 V ActivityScenario: Activity lifecycle changed event received but ignored because the intent does not match. startActivityIntent=Intent { act=android.intent.action.MAIN cat=[android.intent.category.LAUNCHER] cmp=com.example.dogglers/.VerticalListActivity }, activity.getIntent()=Intent { act=android.intent.action.MAIN cat=[android.intent.category.LAUNCHER] flg=0x10000000 cmp=com.example.dogglers/androidx.test.core.app.InstrumentationActivityInvoker$EmptyActivity }, activity=androidx.test.core.app.InstrumentationActivityInvoker$EmptyActivity@54dc075
08-26 23:28:51.794  4053  4053 D LifecycleMonitor: Lifecycle status change: androidx.test.core.app.InstrumentationActivityInvoker$EmptyActivity@54dc075 in: RESUMED
08-26 23:28:51.794  4053  4053 V ActivityScenario: Activity lifecycle changed event received but ignored because the intent does not match. startActivityIntent=Intent { act=android.intent.action.MAIN cat=[android.intent.category.LAUNCHER] cmp=com.example.dogglers/.VerticalListActivity }, activity.getIntent()=Intent { act=android.intent.action.MAIN cat=[android.intent.category.LAUNCHER] flg=0x10000000 cmp=com.example.dogglers/androidx.test.core.app.InstrumentationActivityInvoker$EmptyActivity }, activity=androidx.test.core.app.InstrumentationActivityInvoker$EmptyActivity@54dc075
08-26 23:28:51.796  4053  4053 D LifecycleMonitor: Lifecycle status change: com.example.dogglers.VerticalListActivity@fce533d in: STOPPED
08-26 23:28:51.796  4053  4053 V ActivityScenario: Update currentActivityStage to STOPPED, currentActivity=com.example.dogglers.VerticalListActivity@fce533d
08-26 23:28:51.796  4053  4053 D LifecycleMonitor: Lifecycle status change: com.example.dogglers.VerticalListActivity@fce533d in: DESTROYED
08-26 23:28:51.796  4053  4053 V ActivityScenario: Update currentActivityStage to DESTROYED, currentActivity=null
08-26 23:28:51.804   190   222 D gralloc_ranchu: gralloc_alloc: Creating ashmem region of size 8298496
08-26 23:28:51.805   190   222 I chatty  : uid=1000(system) HwBinder:190_1 identical 1 line
08-26 23:28:51.806   190   222 D gralloc_ranchu: gralloc_alloc: Creating ashmem region of size 8298496
08-26 23:28:51.806  4053  4086 D EGL_emulation: eglMakeCurrent: 0x7036b23f60: ver 3 0 (tinfo 0x70cc2da8a0)
08-26 23:28:51.810   381   417 W InputReader: Device has associated, but no associated display id.
08-26 23:28:51.810   381   417 I chatty  : uid=1000(system) android.anim identical 28 lines
08-26 23:28:51.810   381   417 W InputReader: Device has associated, but no associated display id.
08-26 23:28:51.812   381   617 W InputReader: Device has associated, but no associated display id.
08-26 23:28:51.812   381   617 I chatty  : uid=1000(system) Binder:381_3 identical 8 lines
08-26 23:28:51.812   381   617 W InputReader: Device has associated, but no associated display id.
08-26 23:28:51.821  4053  4053 D LifecycleMonitor: Lifecycle status change: androidx.test.core.app.InstrumentationActivityInvoker$EmptyActivity@54dc075 in: PAUSED
08-26 23:28:51.822  4053  4053 V ActivityScenario: Activity lifecycle changed event received but ignored because the intent does not match. startActivityIntent=Intent { act=android.intent.action.MAIN cat=[android.intent.category.LAUNCHER] cmp=com.example.dogglers/.VerticalListActivity }, activity.getIntent()=Intent { act=android.intent.action.MAIN cat=[android.intent.category.LAUNCHER] flg=0x10000000 cmp=com.example.dogglers/androidx.test.core.app.InstrumentationActivityInvoker$EmptyActivity }, activity=androidx.test.core.app.InstrumentationActivityInvoker$EmptyActivity@54dc075
08-26 23:28:51.822   381 18548 W InputReader: Device has associated, but no associated display id.
08-26 23:28:51.822   381 18548 I chatty  : uid=1000(system) Binder:381_1D identical 8 lines
08-26 23:28:51.822   381 18548 W InputReader: Device has associated, but no associated display id.
08-26 23:28:51.823  4053  4084 I TestRunner: finished: vertical_scroll_content_at_last_position(com.example.dogglers.VerticalListTests)
