08-26 23:28:53.353  4053  4084 I TestRunner: started: vertical_scroll_content_at_first_position(com.example.dogglers.VerticalListTests)
08-26 23:28:53.355  4053  4084 W Settings: Setting always_finish_activities has moved from android.provider.Settings.System to android.provider.Settings.Global, returning read-only value.
08-26 23:28:53.360   381  1904 W InputReader: Device has associated, but no associated display id.
08-26 23:28:53.360   381  1904 I chatty  : uid=1000(system) Binder:381_C identical 28 lines
08-26 23:28:53.360   381  1904 W InputReader: Device has associated, but no associated display id.
08-26 23:28:53.360  4053  4053 W ActivityThread: handleWindowVisibility: no activity for token android.os.BinderProxy@c7620ea
08-26 23:28:53.361   381  1904 W InputReader: Device has associated, but no associated display id.
08-26 23:28:53.361   381  1904 I chatty  : uid=1000(system) Binder:381_C identical 8 lines
08-26 23:28:53.361   381  1904 W InputReader: Device has associated, but no associated display id.
08-26 23:28:53.362   381   417 E system_server: Invalid ID 0x00000000.
08-26 23:28:53.365  4053  4053 D LifecycleMonitor: Lifecycle status change: androidx.test.core.app.InstrumentationActivityInvoker$BootstrapActivity@b4f7fdb in: PRE_ON_CREATE
08-26 23:28:53.365  4053  4053 V ActivityScenario: Activity lifecycle changed event received but ignored because the intent does not match. startActivityIntent=Intent { act=android.intent.action.MAIN cat=[android.intent.category.LAUNCHER] cmp=com.example.dogglers/.VerticalListActivity }, activity.getIntent()=Intent { act=android.intent.action.MAIN cat=[android.intent.category.LAUNCHER] flg=0x10008000 cmp=com.example.dogglers/androidx.test.core.app.InstrumentationActivityInvoker$BootstrapActivity (has extras) }, activity=androidx.test.core.app.InstrumentationActivityInvoker$BootstrapActivity@b4f7fdb
08-26 23:28:53.366  4053  4053 D LifecycleMonitor: Lifecycle status change: androidx.test.core.app.InstrumentationActivityInvoker$BootstrapActivity@b4f7fdb in: CREATED
08-26 23:28:53.367  4053  4053 V ActivityScenario: Activity lifecycle changed event received but ignored because the intent does not match. startActivityIntent=Intent { act=android.intent.action.MAIN cat=[android.intent.category.LAUNCHER] cmp=com.example.dogglers/.VerticalListActivity }, activity.getIntent()=Intent { act=android.intent.action.MAIN cat=[android.intent.category.LAUNCHER] flg=0x10008000 cmp=com.example.dogglers/androidx.test.core.app.InstrumentationActivityInvoker$BootstrapActivity (has extras) }, activity=androidx.test.core.app.InstrumentationActivityInvoker$BootstrapActivity@b4f7fdb
08-26 23:28:53.371  4053  4053 D LifecycleMonitor: Lifecycle status change: androidx.test.core.app.InstrumentationActivityInvoker$BootstrapActivity@b4f7fdb in: STARTED
08-26 23:28:53.371  4053  4053 V ActivityScenario: Activity lifecycle changed event received but ignored because the intent does not match. startActivityIntent=Intent { act=android.intent.action.MAIN cat=[android.intent.category.LAUNCHER] cmp=com.example.dogglers/.VerticalListActivity }, activity.getIntent()=Intent { act=android.intent.action.MAIN cat=[android.intent.category.LAUNCHER] flg=0x10008000 cmp=com.example.dogglers/androidx.test.core.app.InstrumentationActivityInvoker$BootstrapActivity (has extras) }, activity=androidx.test.core.app.InstrumentationActivityInvoker$BootstrapActivity@b4f7fdb
08-26 23:28:53.372   190   222 D gralloc_ranchu: gralloc_alloc: Creating ashmem region of size 8298496
08-26 23:28:53.380  4053  4053 D LifecycleMonitor: Lifecycle status change: androidx.test.core.app.InstrumentationActivityInvoker$BootstrapActivity@b4f7fdb in: RESUMED
08-26 23:28:53.380  4053  4053 V ActivityScenario: Activity lifecycle changed event received but ignored because the intent does not match. startActivityIntent=Intent { act=android.intent.action.MAIN cat=[android.intent.category.LAUNCHER] cmp=com.example.dogglers/.VerticalListActivity }, activity.getIntent()=Intent { act=android.intent.action.MAIN cat=[android.intent.category.LAUNCHER] flg=0x10008000 cmp=com.example.dogglers/androidx.test.core.app.InstrumentationActivityInvoker$BootstrapActivity (has extras) }, activity=androidx.test.core.app.InstrumentationActivityInvoker$BootstrapActivity@b4f7fdb
08-26 23:28:53.382  4053  4053 D LifecycleMonitor: Lifecycle status change: androidx.test.core.app.InstrumentationActivityInvoker$BootstrapActivity@b4f7fdb in: PAUSED
08-26 23:28:53.382  4053  4053 V ActivityScenario: Activity lifecycle changed event received but ignored because the intent does not match. startActivityIntent=Intent { act=android.intent.action.MAIN cat=[android.intent.category.LAUNCHER] cmp=com.example.dogglers/.VerticalListActivity }, activity.getIntent()=Intent { act=android.intent.action.MAIN cat=[android.intent.category.LAUNCHER] flg=0x10008000 cmp=com.example.dogglers/androidx.test.core.app.InstrumentationActivityInvoker$BootstrapActivity (has extras) }, activity=androidx.test.core.app.InstrumentationActivityInvoker$BootstrapActivity@b4f7fdb
08-26 23:28:53.382   381  2778 W InputReader: Device has associated, but no associated display id.
08-26 23:28:53.383   381  2778 I chatty  : uid=1000(system) Binder:381_E identical 58 lines
08-26 23:28:53.383   381  2778 W InputReader: Device has associated, but no associated display id.
08-26 23:28:53.384   719  1056 D EGL_emulation: eglMakeCurrent: 0x7036b23560: ver 3 0 (tinfo 0x70cc2f0540)
08-26 23:28:53.386  4053  4053 W ActivityThread: handleWindowVisibility: no activity for token android.os.BinderProxy@8f74551
08-26 23:28:53.389  4053  4053 D LifecycleMonitor: Lifecycle status change: com.example.dogglers.VerticalListActivity@819e58d in: PRE_ON_CREATE
08-26 23:28:53.389  4053  4053 V ActivityScenario: Activity lifecycle changed event received but ignored because the reported transition was not ON_CREATE while the last known transition was PRE_ON_CREATE
08-26 23:28:53.393  4053  4053 D LifecycleMonitor: Lifecycle status change: com.example.dogglers.VerticalListActivity@819e58d in: CREATED
08-26 23:28:53.393  4053  4053 V ActivityScenario: Update currentActivityStage to CREATED, currentActivity=com.example.dogglers.VerticalListActivity@819e58d
08-26 23:28:53.394  4053  4053 D LifecycleMonitor: Lifecycle status change: com.example.dogglers.VerticalListActivity@819e58d in: STARTED
08-26 23:28:53.394  4053  4053 V ActivityScenario: Update currentActivityStage to STARTED, currentActivity=com.example.dogglers.VerticalListActivity@819e58d
08-26 23:28:53.395  4053  4053 D LifecycleMonitor: Lifecycle status change: com.example.dogglers.VerticalListActivity@819e58d in: RESUMED
08-26 23:28:53.395  4053  4053 V ActivityScenario: Update currentActivityStage to RESUMED, currentActivity=com.example.dogglers.VerticalListActivity@819e58d
08-26 23:28:53.396  4053  4053 D LifecycleMonitor: Lifecycle status change: androidx.test.core.app.InstrumentationActivityInvoker$BootstrapActivity@b4f7fdb in: STOPPED
08-26 23:28:53.396  4053  4053 V ActivityScenario: Activity lifecycle changed event received but ignored because the intent does not match. startActivityIntent=Intent { act=android.intent.action.MAIN cat=[android.intent.category.LAUNCHER] cmp=com.example.dogglers/.VerticalListActivity }, activity.getIntent()=Intent { act=android.intent.action.MAIN cat=[android.intent.category.LAUNCHER] flg=0x10008000 cmp=com.example.dogglers/androidx.test.core.app.InstrumentationActivityInvoker$BootstrapActivity (has extras) }, activity=androidx.test.core.app.InstrumentationActivityInvoker$BootstrapActivity@b4f7fdb
08-26 23:28:53.405   190   222 D gralloc_ranchu: gralloc_alloc: Creating ashmem region of size 8298496
08-26 23:28:53.413   190   222 I chatty  : uid=1000(system) HwBinder:190_1 identical 1 line
08-26 23:28:53.414   190   222 D gralloc_ranchu: gralloc_alloc: Creating ashmem region of size 8298496
08-26 23:28:53.416  4053  4086 D EGL_emulation: eglMakeCurrent: 0x7036b23f60: ver 3 0 (tinfo 0x70cc2da8a0)
08-26 23:28:53.421   381   421 I ActivityTaskManager: Displayed com.example.dogglers/.VerticalListActivity: +64ms
08-26 23:28:53.436  4053  4053 I ViewInteraction: Checking 'MatchesViewAssertion{viewMatcher=(view has effective visibility <VISIBLE> and view.getGlobalVisibleRect() to return non-empty rectangle)}' assertion on view an instance of android.widget.TextView and view.getText() with or without transformation to match: is "Tzeitel"
08-26 23:28:53.437  4053  4053 I ViewInteraction: Checking 'MatchesViewAssertion{viewMatcher=(view has effective visibility <VISIBLE> and view.getGlobalVisibleRect() to return non-empty rectangle)}' assertion on view an instance of android.widget.TextView and view.getText() with or without transformation to match: is "7"
08-26 23:28:53.438  4053  4053 I ViewInteraction: Checking 'MatchesViewAssertion{viewMatcher=(view has effective visibility <VISIBLE> and view.getGlobalVisibleRect() to return non-empty rectangle)}' assertion on view an instance of android.widget.TextView and view.getText() with or without transformation to match: is "sunbathing"
08-26 23:28:53.486  4053  4053 I ViewInteraction: Checking 'MatchesViewAssertion{viewMatcher=(view has effective visibility <VISIBLE> and view.getGlobalVisibleRect() to return non-empty rectangle)}' assertion on view has drawable resource 2131165345
08-26 23:28:53.490  4053  4053 D LifecycleMonitor: Lifecycle status change: com.example.dogglers.VerticalListActivity@819e58d in: PAUSED
08-26 23:28:53.490  4053  4053 V ActivityScenario: Update currentActivityStage to PAUSED, currentActivity=com.example.dogglers.VerticalListActivity@819e58d
08-26 23:28:53.490   381   624 W InputReader: Device has associated, but no associated display id.
08-26 23:28:53.491   381   624 I chatty  : uid=1000(system) Binder:381_4 identical 48 lines
08-26 23:28:53.491   381   624 W InputReader: Device has associated, but no associated display id.
08-26 23:28:53.491  4053  4053 W ActivityThread: handleWindowVisibility: no activity for token android.os.BinderProxy@2700114
08-26 23:28:53.493  4053  4053 D LifecycleMonitor: Lifecycle status change: androidx.test.core.app.InstrumentationActivityInvoker$EmptyActivity@37cbdbd in: PRE_ON_CREATE
08-26 23:28:53.493  4053  4053 V ActivityScenario: Activity lifecycle changed event received but ignored because the intent does not match. startActivityIntent=Intent { act=android.intent.action.MAIN cat=[android.intent.category.LAUNCHER] cmp=com.example.dogglers/.VerticalListActivity }, activity.getIntent()=Intent { act=android.intent.action.MAIN cat=[android.intent.category.LAUNCHER] flg=0x10000000 cmp=com.example.dogglers/androidx.test.core.app.InstrumentationActivityInvoker$EmptyActivity }, activity=androidx.test.core.app.InstrumentationActivityInvoker$EmptyActivity@37cbdbd
08-26 23:28:53.494  4053  4053 D LifecycleMonitor: Lifecycle status change: androidx.test.core.app.InstrumentationActivityInvoker$EmptyActivity@37cbdbd in: CREATED
08-26 23:28:53.494  4053  4053 V ActivityScenario: Activity lifecycle changed event received but ignored because the intent does not match. startActivityIntent=Intent { act=android.intent.action.MAIN cat=[android.intent.category.LAUNCHER] cmp=com.example.dogglers/.VerticalListActivity }, activity.getIntent()=Intent { act=android.intent.action.MAIN cat=[android.intent.category.LAUNCHER] flg=0x10000000 cmp=com.example.dogglers/androidx.test.core.app.InstrumentationActivityInvoker$EmptyActivity }, activity=androidx.test.core.app.InstrumentationActivityInvoker$EmptyActivity@37cbdbd
08-26 23:28:53.495  4053  4053 D LifecycleMonitor: Lifecycle status change: androidx.test.core.app.InstrumentationActivityInvoker$EmptyActivity@37cbdbd in: STARTED
08-26 23:28:53.495  4053  4053 V ActivityScenario: Activity lifecycle changed event received but ignored because the intent does not match. startActivityIntent=Intent { act=android.intent.action.MAIN cat=[android.intent.category.LAUNCHER] cmp=com.example.dogglers/.VerticalListActivity }, activity.getIntent()=Intent { act=android.intent.action.MAIN cat=[android.intent.category.LAUNCHER] flg=0x10000000 cmp=com.example.dogglers/androidx.test.core.app.InstrumentationActivityInvoker$EmptyActivity }, activity=androidx.test.core.app.InstrumentationActivityInvoker$EmptyActivity@37cbdbd
08-26 23:28:53.496  4053  4053 D LifecycleMonitor: Lifecycle status change: androidx.test.core.app.InstrumentationActivityInvoker$EmptyActivity@37cbdbd in: RESUMED
08-26 23:28:53.496  4053  4053 V ActivityScenario: Activity lifecycle changed event received but ignored because the intent does not match. startActivityIntent=Intent { act=android.intent.action.MAIN cat=[android.intent.category.LAUNCHER] cmp=com.example.dogglers/.VerticalListActivity }, activity.getIntent()=Intent { act=android.intent.action.MAIN cat=[android.intent.category.LAUNCHER] flg=0x10000000 cmp=com.example.dogglers/androidx.test.core.app.InstrumentationActivityInvoker$EmptyActivity }, activity=androidx.test.core.app.InstrumentationActivityInvoker$EmptyActivity@37cbdbd
08-26 23:28:53.505   190   222 D gralloc_ranchu: gralloc_alloc: Creating ashmem region of size 8298496
08-26 23:28:53.506   190   222 D gralloc_ranchu: gralloc_alloc: Creating ashmem region of size 8298496
08-26 23:28:53.506  4053  4086 D EGL_emulation: eglMakeCurrent: 0x7036b23f60: ver 3 0 (tinfo 0x70cc2da8a0)
08-26 23:28:53.511   190   222 D gralloc_ranchu: gralloc_alloc: Creating ashmem region of size 8298496
08-26 23:28:53.512  4053  4086 D EGL_emulation: eglMakeCurrent: 0x7036b23f60: ver 3 0 (tinfo 0x70cc2da8a0)
08-26 23:28:53.514   381   417 W InputReader: Device has associated, but no associated display id.
08-26 23:28:53.514   381   417 I chatty  : uid=1000(system) android.anim identical 18 lines
08-26 23:28:53.514   381   417 W InputReader: Device has associated, but no associated display id.
08-26 23:28:53.522  4053  4086 D EGL_emulation: eglMakeCurrent: 0x7036b23f60: ver 3 0 (tinfo 0x70cc2da8a0)
08-26 23:28:53.524  4053  4086 D EGL_emulation: eglMakeCurrent: 0x7036b23f60: ver 3 0 (tinfo 0x70cc2da8a0)
08-26 23:28:53.525  4053  4053 D LifecycleMonitor: Lifecycle status change: androidx.test.core.app.InstrumentationActivityInvoker$EmptyActivity@37cbdbd in: PAUSED
08-26 23:28:53.525  4053  4053 V ActivityScenario: Activity lifecycle changed event received but ignored because the intent does not match. startActivityIntent=Intent { act=android.intent.action.MAIN cat=[android.intent.category.LAUNCHER] cmp=com.example.dogglers/.VerticalListActivity }, activity.getIntent()=Intent { act=android.intent.action.MAIN cat=[android.intent.category.LAUNCHER] flg=0x10000000 cmp=com.example.dogglers/androidx.test.core.app.InstrumentationActivityInvoker$EmptyActivity }, activity=androidx.test.core.app.InstrumentationActivityInvoker$EmptyActivity@37cbdbd
08-26 23:28:53.525   381  1904 W InputReader: Device has associated, but no associated display id.
08-26 23:28:53.526   381  1904 I chatty  : uid=1000(system) Binder:381_C identical 48 lines
08-26 23:28:53.526   381  1904 W InputReader: Device has associated, but no associated display id.
08-26 23:28:53.527  4053  4053 D LifecycleMonitor: Lifecycle status change: androidx.test.core.app.InstrumentationActivityInvoker$BootstrapActivity@b4f7fdb in: DESTROYED
08-26 23:28:53.527  4053  4053 V ActivityScenario: Activity lifecycle changed event received but ignored because the intent does not match. startActivityIntent=Intent { act=android.intent.action.MAIN cat=[android.intent.category.LAUNCHER] cmp=com.example.dogglers/.VerticalListActivity }, activity.getIntent()=Intent { act=android.intent.action.MAIN cat=[android.intent.category.LAUNCHER] flg=0x10008000 cmp=com.example.dogglers/androidx.test.core.app.InstrumentationActivityInvoker$BootstrapActivity (has extras) }, activity=androidx.test.core.app.InstrumentationActivityInvoker$BootstrapActivity@b4f7fdb
08-26 23:28:53.527  4053  4053 W ActivityThread: handleWindowVisibility: no activity for token android.os.BinderProxy@a9df4fe
08-26 23:28:53.529  4053  4053 D LifecycleMonitor: Lifecycle status change: androidx.test.core.app.InstrumentationActivityInvoker$EmptyActivity@5ae45f in: PRE_ON_CREATE
08-26 23:28:53.529  4053  4053 V ActivityScenario: Activity lifecycle changed event received but ignored because the intent does not match. startActivityIntent=Intent { act=android.intent.action.MAIN cat=[android.intent.category.LAUNCHER] cmp=com.example.dogglers/.VerticalListActivity }, activity.getIntent()=Intent { act=android.intent.action.MAIN cat=[android.intent.category.LAUNCHER] flg=0x10000000 cmp=com.example.dogglers/androidx.test.core.app.InstrumentationActivityInvoker$EmptyActivity }, activity=androidx.test.core.app.InstrumentationActivityInvoker$EmptyActivity@5ae45f
08-26 23:28:53.531  4053  4053 D LifecycleMonitor: Lifecycle status change: androidx.test.core.app.InstrumentationActivityInvoker$EmptyActivity@5ae45f in: CREATED
08-26 23:28:53.531  4053  4053 V ActivityScenario: Activity lifecycle changed event received but ignored because the intent does not match. startActivityIntent=Intent { act=android.intent.action.MAIN cat=[android.intent.category.LAUNCHER] cmp=com.example.dogglers/.VerticalListActivity }, activity.getIntent()=Intent { act=android.intent.action.MAIN cat=[android.intent.category.LAUNCHER] flg=0x10000000 cmp=com.example.dogglers/androidx.test.core.app.InstrumentationActivityInvoker$EmptyActivity }, activity=androidx.test.core.app.InstrumentationActivityInvoker$EmptyActivity@5ae45f
08-26 23:28:53.531  4053  4053 D LifecycleMonitor: Lifecycle status change: androidx.test.core.app.InstrumentationActivityInvoker$EmptyActivity@5ae45f in: STARTED
08-26 23:28:53.532  4053  4053 V ActivityScenario: Activity lifecycle changed event received but ignored because the intent does not match. startActivityIntent=Intent { act=android.intent.action.MAIN cat=[android.intent.category.LAUNCHER] cmp=com.example.dogglers/.VerticalListActivity }, activity.getIntent()=Intent { act=android.intent.action.MAIN cat=[android.intent.category.LAUNCHER] flg=0x10000000 cmp=com.example.dogglers/androidx.test.core.app.InstrumentationActivityInvoker$EmptyActivity }, activity=androidx.test.core.app.InstrumentationActivityInvoker$EmptyActivity@5ae45f
08-26 23:28:53.532  4053  4053 D LifecycleMonitor: Lifecycle status change: androidx.test.core.app.InstrumentationActivityInvoker$EmptyActivity@5ae45f in: RESUMED
08-26 23:28:53.532  4053  4053 V ActivityScenario: Activity lifecycle changed event received but ignored because the intent does not match. startActivityIntent=Intent { act=android.intent.action.MAIN cat=[android.intent.category.LAUNCHER] cmp=com.example.dogglers/.VerticalListActivity }, activity.getIntent()=Intent { act=android.intent.action.MAIN cat=[android.intent.category.LAUNCHER] flg=0x10000000 cmp=com.example.dogglers/androidx.test.core.app.InstrumentationActivityInvoker$EmptyActivity }, activity=androidx.test.core.app.InstrumentationActivityInvoker$EmptyActivity@5ae45f
08-26 23:28:53.536  4053  4053 D LifecycleMonitor: Lifecycle status change: com.example.dogglers.VerticalListActivity@819e58d in: STOPPED
08-26 23:28:53.536  4053  4053 V ActivityScenario: Update currentActivityStage to STOPPED, currentActivity=com.example.dogglers.VerticalListActivity@819e58d
08-26 23:28:53.536  4053  4053 D LifecycleMonitor: Lifecycle status change: com.example.dogglers.VerticalListActivity@819e58d in: DESTROYED
08-26 23:28:53.536  4053  4053 V ActivityScenario: Update currentActivityStage to DESTROYED, currentActivity=null
08-26 23:28:53.541   190   222 D gralloc_ranchu: gralloc_alloc: Creating ashmem region of size 8298496
08-26 23:28:53.542   190   222 I chatty  : uid=1000(system) HwBinder:190_1 identical 1 line
08-26 23:28:53.542   190   222 D gralloc_ranchu: gralloc_alloc: Creating ashmem region of size 8298496
08-26 23:28:53.543  4053  4086 D EGL_emulation: eglMakeCurrent: 0x7036b23f60: ver 3 0 (tinfo 0x70cc2da8a0)
08-26 23:28:53.547   381   417 W InputReader: Device has associated, but no associated display id.
08-26 23:28:53.547   381   417 I chatty  : uid=1000(system) android.anim identical 28 lines
08-26 23:28:53.547   381   417 W InputReader: Device has associated, but no associated display id.
08-26 23:28:53.557   381  1904 W InputReader: Device has associated, but no associated display id.
08-26 23:28:53.557   381  1904 I chatty  : uid=1000(system) Binder:381_C identical 8 lines
08-26 23:28:53.557   381  1904 W InputReader: Device has associated, but no associated display id.
08-26 23:28:53.558  4053  4053 D LifecycleMonitor: Lifecycle status change: androidx.test.core.app.InstrumentationActivityInvoker$EmptyActivity@37cbdbd in: STOPPED
08-26 23:28:53.558  4053  4053 V ActivityScenario: Activity lifecycle changed event received but ignored because the intent does not match. startActivityIntent=Intent { act=android.intent.action.MAIN cat=[android.intent.category.LAUNCHER] cmp=com.example.dogglers/.VerticalListActivity }, activity.getIntent()=Intent { act=android.intent.action.MAIN cat=[android.intent.category.LAUNCHER] flg=0x10000000 cmp=com.example.dogglers/androidx.test.core.app.InstrumentationActivityInvoker$EmptyActivity }, activity=androidx.test.core.app.InstrumentationActivityInvoker$EmptyActivity@37cbdbd
08-26 23:28:53.559  4053  4053 D LifecycleMonitor: Lifecycle status change: androidx.test.core.app.InstrumentationActivityInvoker$EmptyActivity@37cbdbd in: DESTROYED
08-26 23:28:53.559  4053  4053 V ActivityScenario: Activity lifecycle changed event received but ignored because the intent does not match. startActivityIntent=Intent { act=android.intent.action.MAIN cat=[android.intent.category.LAUNCHER] cmp=com.example.dogglers/.VerticalListActivity }, activity.getIntent()=Intent { act=android.intent.action.MAIN cat=[android.intent.category.LAUNCHER] flg=0x10000000 cmp=com.example.dogglers/androidx.test.core.app.InstrumentationActivityInvoker$EmptyActivity }, activity=androidx.test.core.app.InstrumentationActivityInvoker$EmptyActivity@37cbdbd
08-26 23:28:53.560  4053  4053 D LifecycleMonitor: Lifecycle status change: androidx.test.core.app.InstrumentationActivityInvoker$EmptyActivity@5ae45f in: PAUSED
08-26 23:28:53.560  4053  4053 V ActivityScenario: Activity lifecycle changed event received but ignored because the intent does not match. startActivityIntent=Intent { act=android.intent.action.MAIN cat=[android.intent.category.LAUNCHER] cmp=com.example.dogglers/.VerticalListActivity }, activity.getIntent()=Intent { act=android.intent.action.MAIN cat=[android.intent.category.LAUNCHER] flg=0x10000000 cmp=com.example.dogglers/androidx.test.core.app.InstrumentationActivityInvoker$EmptyActivity }, activity=androidx.test.core.app.InstrumentationActivityInvoker$EmptyActivity@5ae45f
08-26 23:28:53.561   381  3942 W InputReader: Device has associated, but no associated display id.
08-26 23:28:53.561   381  3942 I chatty  : uid=1000(system) Binder:381_15 identical 8 lines
08-26 23:28:53.561   381  3942 W InputReader: Device has associated, but no associated display id.
08-26 23:28:53.562  4053  4084 I TestRunner: finished: vertical_scroll_content_at_first_position(com.example.dogglers.VerticalListTests)
